// Jest Snapshot v1, https://goo.gl/fbAQLP

exports[`it should match snapshot for the initial render 1`] = `
<DocumentFragment>
  <input
    class="styled-input"
    data-testid="rhsInput"
    placeholder="Type a number"
    type="number"
    value=""
  />
</DocumentFragment>
`;
